// Jest Snapshot v1, https://goo.gl/fbAQLP

exports[`<Loader />  should match snapshot 1`] = `
<div
  className="sweet-loading"
>
  <onlyUpdateForKeys(Loader)
    color="rgb(223, 63, 63)"
    loading={true}
    margin="2px"
    size={15}
  />
</div>
`;
